# Carte 20x20, cases de 10000m de cote
20 20 1000

#l0
TERRAIN_LIBRE
TERRAIN_LIBRE
TERRAIN_LIBRE
TERRAIN_LIBRE
TERRAIN_LIBRE
TERRAIN_LIBRE
TERRAIN_LIBRE
TERRAIN_LIBRE
TERRAIN_LIBRE
TERRAIN_LIBRE
TERRAIN_LIBRE
TERRAIN_LIBRE
TERRAIN_LIBRE
TERRAIN_LIBRE
TERRAIN_LIBRE
TERRAIN_LIBRE
TERRAIN_LIBRE
TERRAIN_LIBRE
TERRAIN_LIBRE
TERRAIN_LIBRE

#l1
TERRAIN_LIBRE
TERRAIN_LIBRE
FORET
FORET
TERRAIN_LIBRE
TERRAIN_LIBRE
TERRAIN_LIBRE
TERRAIN_LIBRE
TERRAIN_LIBRE
ROCHE
ROCHE
TERRAIN_LIBRE
TERRAIN_LIBRE
TERRAIN_LIBRE
TERRAIN_LIBRE
TERRAIN_LIBRE
HABITAT
HABITAT
TERRAIN_LIBRE
TERRAIN_LIBRE

#l2
TERRAIN_LIBRE
FORET
FORET
FORET
FORET
TERRAIN_LIBRE
TERRAIN_LIBRE
TERRAIN_LIBRE
ROCHE
ROCHE
ROCHE
ROCHE
TERRAIN_LIBRE
TERRAIN_LIBRE
TERRAIN_LIBRE
HABITAT
HABITAT
HABITAT
HABITAT
TERRAIN_LIBRE

#l3
TERRAIN_LIBRE
FORET
FORET
FORET
FORET
TERRAIN_LIBRE
TERRAIN_LIBRE
TERRAIN_LIBRE
ROCHE
ROCHE
ROCHE
ROCHE
TERRAIN_LIBRE
TERRAIN_LIBRE
TERRAIN_LIBRE
HABITAT
HABITAT
HABITAT
HABITAT
TERRAIN_LIBRE

#l4
TERRAIN_LIBRE
FORET
FORET
FORET
FORET
TERRAIN_LIBRE
TERRAIN_LIBRE
TERRAIN_LIBRE
ROCHE
ROCHE
ROCHE
ROCHE
TERRAIN_LIBRE
TERRAIN_LIBRE
TERRAIN_LIBRE
HABITAT
HABITAT
HABITAT
HABITAT
TERRAIN_LIBRE

#l5
TERRAIN_LIBRE
TERRAIN_LIBRE
TERRAIN_LIBRE
TERRAIN_LIBRE
TERRAIN_LIBRE
TERRAIN_LIBRE
TERRAIN_LIBRE
TERRAIN_LIBRE
TERRAIN_LIBRE
TERRAIN_LIBRE
TERRAIN_LIBRE
TERRAIN_LIBRE
TERRAIN_LIBRE
TERRAIN_LIBRE
TERRAIN_LIBRE
TERRAIN_LIBRE
TERRAIN_LIBRE
TERRAIN_LIBRE
TERRAIN_LIBRE
TERRAIN_LIBRE

#l6
EAU
EAU
EAU
EAU
TERRAIN_LIBRE
TERRAIN_LIBRE
FORET
FORET
FORET
TERRAIN_LIBRE
FORET
FORET
FORET
TERRAIN_LIBRE
TERRAIN_LIBRE
TERRAIN_LIBRE
EAU
EAU
EAU
EAU

#l7
EAU
EAU
EAU
EAU
TERRAIN_LIBRE
TERRAIN_LIBRE
FORET
TERRAIN_LIBRE
FORET
TERRAIN_LIBRE
FORET
TERRAIN_LIBRE
FORET
TERRAIN_LIBRE
FORET
TERRAIN_LIBRE
EAU
EAU
EAU
EAU

#l8
EAU
EAU
EAU
EAU
TERRAIN_LIBRE
FORET
FORET
TERRAIN_LIBRE
FORET
FORET
FORET
TERRAIN_LIBRE
FORET
FORET
FORET
TERRAIN_LIBRE
EAU
EAU
EAU
EAU

#l9
EAU
EAU
EAU
EAU
TERRAIN_LIBRE
TERRAIN_LIBRE
TERRAIN_LIBRE
HABITAT
HABITAT
HABITAT
HABITAT
HABITAT
HABITAT
TERRAIN_LIBRE
TERRAIN_LIBRE
TERRAIN_LIBRE
EAU
EAU
EAU
EAU

#l10
EAU
EAU
EAU
EAU
TERRAIN_LIBRE
TERRAIN_LIBRE
TERRAIN_LIBRE
HABITAT
TERRAIN_LIBRE
TERRAIN_LIBRE
TERRAIN_LIBRE
TERRAIN_LIBRE
HABITAT
TERRAIN_LIBRE
TERRAIN_LIBRE
TERRAIN_LIBRE
EAU
EAU
EAU
EAU

#l11
EAU
EAU
EAU
EAU
TERRAIN_LIBRE
TERRAIN_LIBRE
TERRAIN_LIBRE
HABITAT
TERRAIN_LIBRE
TERRAIN_LIBRE
TERRAIN_LIBRE
TERRAIN_LIBRE
HABITAT
TERRAIN_LIBRE
TERRAIN_LIBRE
TERRAIN_LIBRE
EAU
EAU
EAU
EAU

#l12
EAU
EAU
EAU
EAU
TERRAIN_LIBRE
TERRAIN_LIBRE
TERRAIN_LIBRE
HABITAT
HABITAT
HABITAT
HABITAT
HABITAT
HABITAT
TERRAIN_LIBRE
TERRAIN_LIBRE
TERRAIN_LIBRE
EAU
EAU
EAU
EAU

#l13
TERRAIN_LIBRE
TERRAIN_LIBRE
TERRAIN_LIBRE
TERRAIN_LIBRE
TERRAIN_LIBRE
TERRAIN_LIBRE
TERRAIN_LIBRE
TERRAIN_LIBRE
TERRAIN_LIBRE
TERRAIN_LIBRE
TERRAIN_LIBRE
TERRAIN_LIBRE
TERRAIN_LIBRE
TERRAIN_LIBRE
TERRAIN_LIBRE
TERRAIN_LIBRE
TERRAIN_LIBRE
TERRAIN_LIBRE
TERRAIN_LIBRE
TERRAIN_LIBRE

#l14
TERRAIN_LIBRE
TERRAIN_LIBRE
FORET
FORET
FORET
TERRAIN_LIBRE
FORET
TERRAIN_LIBRE
TERRAIN_LIBRE
FORET
TERRAIN_LIBRE
FORET
FORET
FORET
TERRAIN_LIBRE
FORET
FORET
FORET
TERRAIN_LIBRE
TERRAIN_LIBRE

#l15
TERRAIN_LIBRE
TERRAIN_LIBRE
TERRAIN_LIBRE
FORET
TERRAIN_LIBRE
TERRAIN_LIBRE
FORET
FORET
FORET
FORET
TERRAIN_LIBRE
FORET
TERRAIN_LIBRE
FORET
TERRAIN_LIBRE
FORET
TERRAIN_LIBRE
TERRAIN_LIBRE
TERRAIN_LIBRE
TERRAIN_LIBRE

#l16
TERRAIN_LIBRE
TERRAIN_LIBRE
TERRAIN_LIBRE
FORET
TERRAIN_LIBRE
TERRAIN_LIBRE
FORET
TERRAIN_LIBRE
TERRAIN_LIBRE
FORET
TERRAIN_LIBRE
FORET
FORET
FORET
TERRAIN_LIBRE
FORET
TERRAIN_LIBRE
FORET
TERRAIN_LIBRE
TERRAIN_LIBRE

#l17
TERRAIN_LIBRE
TERRAIN_LIBRE
FORET
FORET
FORET
TERRAIN_LIBRE
FORET
TERRAIN_LIBRE
TERRAIN_LIBRE
FORET
TERRAIN_LIBRE
FORET
TERRAIN_LIBRE
FORET
TERRAIN_LIBRE
FORET
FORET
FORET
TERRAIN_LIBRE
TERRAIN_LIBRE

#l18
TERRAIN_LIBRE
TERRAIN_LIBRE
TERRAIN_LIBRE
TERRAIN_LIBRE
TERRAIN_LIBRE
TERRAIN_LIBRE
TERRAIN_LIBRE
TERRAIN_LIBRE
TERRAIN_LIBRE
TERRAIN_LIBRE
TERRAIN_LIBRE
TERRAIN_LIBRE
TERRAIN_LIBRE
TERRAIN_LIBRE
TERRAIN_LIBRE
TERRAIN_LIBRE
TERRAIN_LIBRE
TERRAIN_LIBRE
TERRAIN_LIBRE
TERRAIN_LIBRE

#l19
TERRAIN_LIBRE
TERRAIN_LIBRE
TERRAIN_LIBRE
TERRAIN_LIBRE
TERRAIN_LIBRE
TERRAIN_LIBRE
TERRAIN_LIBRE
TERRAIN_LIBRE
TERRAIN_LIBRE
TERRAIN_LIBRE
TERRAIN_LIBRE
TERRAIN_LIBRE
TERRAIN_LIBRE
TERRAIN_LIBRE
TERRAIN_LIBRE
TERRAIN_LIBRE
TERRAIN_LIBRE
TERRAIN_LIBRE
TERRAIN_LIBRE
TERRAIN_LIBRE

# Incendies
9
2 2 1000
2 3 1000
3 2 1000
3 3 1000
2 16 1000
2 17 1000
3 16 1000
3 17 1000
6 14 1000

# Robots
4
11 8 ROUES
10 9 PATTES
10 10 CHENILLES
11 11 DRONE
