# Un exemple de carte 11x11 , cases de 1000m de cote
11 11 1000

# l0
ROCHE
ROCHE
ROCHE
ROCHE
ROCHE
ROCHE
ROCHE
ROCHE
ROCHE
ROCHE
ROCHE
# l1
ROCHE
TERRAIN_LIBRE
TERRAIN_LIBRE
TERRAIN_LIBRE
TERRAIN_LIBRE
TERRAIN_LIBRE
TERRAIN_LIBRE
TERRAIN_LIBRE
TERRAIN_LIBRE
TERRAIN_LIBRE
ROCHE
# l2
ROCHE
TERRAIN_LIBRE
ROCHE
ROCHE
ROCHE
ROCHE
ROCHE
ROCHE
ROCHE
TERRAIN_LIBRE
ROCHE
# l3
ROCHE
TERRAIN_LIBRE
ROCHE
TERRAIN_LIBRE
TERRAIN_LIBRE
TERRAIN_LIBRE
TERRAIN_LIBRE
TERRAIN_LIBRE
ROCHE
TERRAIN_LIBRE
ROCHE
# l4
ROCHE
TERRAIN_LIBRE
ROCHE
TERRAIN_LIBRE
ROCHE
ROCHE
ROCHE
TERRAIN_LIBRE
ROCHE
TERRAIN_LIBRE
ROCHE
# l5
ROCHE
TERRAIN_LIBRE
ROCHE
TERRAIN_LIBRE
ROCHE
EAU
ROCHE
TERRAIN_LIBRE
ROCHE
TERRAIN_LIBRE
ROCHE
# l6
ROCHE
TERRAIN_LIBRE
ROCHE
TERRAIN_LIBRE
ROCHE
TERRAIN_LIBRE
ROCHE
TERRAIN_LIBRE
ROCHE
TERRAIN_LIBRE
ROCHE
# l7
ROCHE
TERRAIN_LIBRE
ROCHE
TERRAIN_LIBRE
ROCHE
TERRAIN_LIBRE
TERRAIN_LIBRE
TERRAIN_LIBRE
ROCHE
TERRAIN_LIBRE
ROCHE
# l8
ROCHE
TERRAIN_LIBRE
ROCHE
TERRAIN_LIBRE
ROCHE
ROCHE
ROCHE
ROCHE
ROCHE
TERRAIN_LIBRE
ROCHE
# l9
ROCHE
TERRAIN_LIBRE
ROCHE
TERRAIN_LIBRE
TERRAIN_LIBRE
TERRAIN_LIBRE
TERRAIN_LIBRE
TERRAIN_LIBRE
TERRAIN_LIBRE
TERRAIN_LIBRE
ROCHE
# l10
ROCHE
FORET
ROCHE
ROCHE
ROCHE
ROCHE
ROCHE
ROCHE
ROCHE
ROCHE
ROCHE

# Incendies
1
10 1 4000


# Robots
1
9 1 CHENILLES
