# Un exemple de carte 11x11 , cases de 100m de cote
11 11 100

# l0
HABITAT
HABITAT
HABITAT
HABITAT
HABITAT
HABITAT
HABITAT
HABITAT
HABITAT
HABITAT
HABITAT
# l1
HABITAT
TERRAIN_LIBRE
TERRAIN_LIBRE
TERRAIN_LIBRE
TERRAIN_LIBRE
TERRAIN_LIBRE
TERRAIN_LIBRE
TERRAIN_LIBRE
TERRAIN_LIBRE
TERRAIN_LIBRE
HABITAT
# l2
HABITAT
TERRAIN_LIBRE
HABITAT
HABITAT
HABITAT
HABITAT
HABITAT
HABITAT
HABITAT
TERRAIN_LIBRE
HABITAT
# l3
HABITAT
TERRAIN_LIBRE
HABITAT
TERRAIN_LIBRE
TERRAIN_LIBRE
TERRAIN_LIBRE
TERRAIN_LIBRE
TERRAIN_LIBRE
HABITAT
TERRAIN_LIBRE
HABITAT
# l4
HABITAT
TERRAIN_LIBRE
HABITAT
TERRAIN_LIBRE
HABITAT
HABITAT
HABITAT
TERRAIN_LIBRE
HABITAT
TERRAIN_LIBRE
HABITAT
# l5
HABITAT
TERRAIN_LIBRE
HABITAT
TERRAIN_LIBRE
HABITAT
EAU
HABITAT
TERRAIN_LIBRE
HABITAT
TERRAIN_LIBRE
HABITAT
# l6
HABITAT
TERRAIN_LIBRE
HABITAT
TERRAIN_LIBRE
HABITAT
TERRAIN_LIBRE
HABITAT
TERRAIN_LIBRE
HABITAT
TERRAIN_LIBRE
HABITAT
# l7
HABITAT
TERRAIN_LIBRE
HABITAT
TERRAIN_LIBRE
HABITAT
TERRAIN_LIBRE
TERRAIN_LIBRE
TERRAIN_LIBRE
HABITAT
TERRAIN_LIBRE
HABITAT
# l8
HABITAT
TERRAIN_LIBRE
HABITAT
TERRAIN_LIBRE
HABITAT
HABITAT
HABITAT
HABITAT
HABITAT
TERRAIN_LIBRE
HABITAT
# l9
HABITAT
TERRAIN_LIBRE
HABITAT
TERRAIN_LIBRE
TERRAIN_LIBRE
TERRAIN_LIBRE
TERRAIN_LIBRE
TERRAIN_LIBRE
TERRAIN_LIBRE
TERRAIN_LIBRE
HABITAT
# l10
HABITAT
FORET
HABITAT
HABITAT
HABITAT
HABITAT
HABITAT
HABITAT
HABITAT
HABITAT
HABITAT

# Incendies
1
10 1 50000


# Robots
1
9 1 PATTES
